\BOOKMARK [1][-]{section.0.1}{\376\377\006\105\006\102\006\057\006\105\006\107}{}% 1
\BOOKMARK [1][-]{section.0.2}{\376\377\006\251\006\047\006\061\006\107\006\047\006\314\000\040\006\105\006\061\006\052\006\050\006\067}{}% 2
\BOOKMARK [2][-]{subsection.0.2.1}{\376\377\006\052\006\251\006\047\006\105\006\104\000\040\006\061\006\110\006\064\040\014\006\107\006\047\006\314\000\040\006\052\006\064\006\056\006\314\006\065\000\040\006\050\006\057\006\047\006\101\006\062\006\047\006\061\000\040\006\047\006\106\006\057\006\061\006\110\006\314\006\057}{section.0.2}% 3
\BOOKMARK [2][-]{subsection.0.2.2}{\376\377\006\061\006\110\006\314\006\251\006\061\006\057\006\107\006\047\006\314\000\040\006\105\006\050\006\052\006\106\006\314\000\040\006\050\006\061\000\040\006\314\006\047\006\057\006\257\006\314\006\061\006\314\000\040\006\071\006\105\006\314\006\102}{section.0.2}% 4
\BOOKMARK [2][-]{subsection.0.2.3}{\376\377\006\052\006\055\006\104\006\314\006\104\000\040\006\206\006\106\006\057\006\110\006\054\006\107\006\314}{section.0.2}% 5
\BOOKMARK [1][-]{section.0.3}{\376\377\006\061\006\110\006\064\000\040\006\176\006\314\006\064\006\106\006\107\006\047\006\057\006\314}{}% 6
\BOOKMARK [2][-]{subsection.0.3.1}{\376\377\006\105\006\071\006\105\006\047\006\061\006\314\000\040\006\251\006\104\006\314\000\040\006\105\006\057\006\104\000\040\000M\000A\000G\000N\000E\000T}{section.0.3}% 7
\BOOKMARK [2][-]{subsection.0.3.2}{\376\377\006\054\006\062\006\046\006\314\006\047\006\052\000\040\006\176\006\314\006\047\006\057\006\107\040\014\006\063\006\047\006\062\006\314}{section.0.3}% 8
\BOOKMARK [1][-]{section.0.4}{\376\377\006\176\006\314\006\047\006\057\006\107\040\014\006\063\006\047\006\062\006\314\000\040\006\110\000\040\006\047\006\061\006\062\006\314\006\047\006\050\006\314}{}% 9
\BOOKMARK [2][-]{subsection.0.4.1}{\376\377\006\105\006\054\006\105\006\110\006\071\006\107\000\040\006\057\006\047\006\057\006\107}{section.0.4}% 10
\BOOKMARK [2][-]{subsection.0.4.2}{\376\377\006\052\006\106\006\070\006\314\006\105\006\047\006\052\000\040\006\042\006\062\006\105\006\047\006\314\006\064}{section.0.4}% 11
\BOOKMARK [1][-]{section.0.5}{\376\377\006\106\006\052\006\047\006\314\006\054}{}% 12
\BOOKMARK [2][-]{subsection.0.5.1}{\376\377\006\071\006\105\006\104\006\251\006\061\006\057\000\040\006\251\006\104\006\314}{section.0.5}% 13
\BOOKMARK [2][-]{subsection.0.5.2}{\376\377\006\106\006\052\006\047\006\314\006\054\000\040\006\047\006\071\006\052\006\050\006\047\006\061\006\063\006\106\006\054\006\314\000\040\006\105\006\052\006\102\006\047\006\067\006\071}{section.0.5}% 14
\BOOKMARK [2][-]{subsection.0.5.3}{\376\377\006\105\006\102\006\047\006\314\006\063\006\107\000\040\006\050\006\047\000\040\006\061\006\110\006\064\040\014\006\107\006\047\006\314\000\040\006\105\006\061\006\054\006\071}{section.0.5}% 15
\BOOKMARK [2][-]{subsection.0.5.4}{\376\377\006\052\006\055\006\104\006\314\006\104\000\040\006\071\006\105\006\104\006\251\006\061\006\057\000\040\006\105\006\047\006\230\006\110\006\104\040\014\006\107\006\047}{section.0.5}% 16
\BOOKMARK [2][-]{subsection.0.5.5}{\376\377\006\105\006\067\006\047\006\104\006\071\006\107\000\040\006\055\006\060\006\101\000\040\006\047\006\054\006\062\006\047\000\040\000\050\000A\000b\000l\000a\000t\000i\000o\000n\000\040\000S\000t\000u\000d\000y\000\051}{section.0.5}% 17
\BOOKMARK [2][-]{subsection.0.5.6}{\376\377\006\105\006\047\006\052\006\061\006\314\006\063\000\040\006\057\006\061\006\107\006\105\040\014\006\061\006\314\006\056\006\052\006\257\006\314}{section.0.5}% 18
\BOOKMARK [2][-]{subsection.0.5.7}{\376\377\006\105\006\102\006\047\006\314\006\063\006\107\000\040\006\050\006\047\000\040\006\061\006\110\006\064\040\014\006\107\006\047\006\314\000\040\006\176\006\314\006\064\006\061\006\101\006\052\006\107}{section.0.5}% 19
\BOOKMARK [1][-]{section.0.6}{\376\377\006\050\006\055\006\053\000\040\006\110\000\040\006\052\006\055\006\104\006\314\006\104}{}% 20
\BOOKMARK [2][-]{subsection.0.6.1}{\376\377\006\052\006\055\006\104\006\314\006\104\000\040\006\106\006\052\006\047\006\314\006\054}{section.0.6}% 21
\BOOKMARK [2][-]{subsection.0.6.2}{\376\377\006\105\006\102\006\047\006\314\006\063\006\107\000\040\006\050\006\047\000\040\006\251\006\047\006\061\006\107\006\047\006\314\000\040\006\176\006\314\006\064\006\314\006\106}{section.0.6}% 22
\BOOKMARK [2][-]{subsection.0.6.3}{\376\377\006\105\006\055\006\057\006\110\006\057\006\314\006\052\040\014\006\107\006\047}{section.0.6}% 23
\BOOKMARK [1][-]{section.0.7}{\376\377\006\106\006\052\006\314\006\054\006\107\040\014\006\257\006\314\006\061\006\314}{}% 24
\BOOKMARK [1][-]{section.0.8}{\376\377\006\176\006\314\006\064\006\106\006\107\006\047\006\057\006\047\006\052\000\040\006\042\006\052\006\314}{}% 25
\BOOKMARK [2][-]{subsection.0.8.1}{\376\377\006\050\006\107\006\050\006\110\006\057\006\107\006\047\006\314\000\040\006\101\006\106\006\314}{section.0.8}% 26
\BOOKMARK [2][-]{subsection.0.8.2}{\376\377\006\251\006\047\006\061\006\050\006\061\006\057\006\107\006\047\006\314\000\040\006\071\006\105\006\104\006\314}{section.0.8}% 27
\BOOKMARK [2][-]{subsection.0.8.3}{\376\377\006\052\006\055\006\102\006\314\006\102\006\047\006\052\000\040\006\042\006\314\006\106\006\057\006\107}{section.0.8}% 28
\BOOKMARK [0][-]{chapter*.8}{\376\377\006\105\006\061\006\047\006\054\006\071}{}% 29
